https://github.com/inconshreveable/ngrok

http://8fb181bf.ngrok.io/github-webhook/


Administrator@DESKTOP-HVM3NAK MINGW64 ~
$ cd Documents/GitHub/accentureDemoGitHub/

Administrator@DESKTOP-HVM3NAK MINGW64 ~/Documents/GitHub/accentureDemoGitHub (master)
$ git status
On branch master
Your branch is up to date with 'origin/master'.

Untracked files:
  (use "git add <file>..." to include in what will be committed)

        f2.txt

nothing added to commit but untracked files present (use "git add" to track)

Administrator@DESKTOP-HVM3NAK MINGW64 ~/Documents/GitHub/accentureDemoGitHub (master)
$ git add
Nothing specified, nothing added.
Maybe you wanted to say 'git add .'?

Administrator@DESKTOP-HVM3NAK MINGW64 ~/Documents/GitHub/accentureDemoGitHub (master)
$ git add -m'file 2'
error: unknown switch `m'
usage: git add [<options>] [--] <pathspec>...


Administrator@DESKTOP-HVM3NAK MINGW64 ~/Documents/GitHub/accentureDemoGitHub (master)
$ git add f2.txt
warning: LF will be replaced by CRLF in f2.txt.
The file will have its original line endings in your working directory.

Administrator@DESKTOP-HVM3NAK MINGW64 ~/Documents/GitHub/accentureDemoGitHub (master)
$ git commit -m'file 2'
[master c955165] file 2
 1 file changed, 1 insertion(+)
 create mode 100644 f2.txt

Administrator@DESKTOP-HVM3NAK MINGW64 ~/Documents/GitHub/accentureDemoGitHub (master)
$



Administrator@DESKTOP-HVM3NAK MINGW64 ~/Documents/GitHub/accentureDemoGitHub (feature)
$ git checkout master
Switched to branch 'master'
Your branch is ahead of 'origin/master' by 1 commit.
  (use "git push" to publish your local commits)

Administrator@DESKTOP-HVM3NAK MINGW64 ~/Documents/GitHub/accentureDemoGitHub (master)
$





Administrator@DESKTOP-HVM3NAK MINGW64 ~/Documents/GitHub/accentureDemoGitHub (master)
$ git checkout -b feature
Switched to a new branch 'feature'

Administrator@DESKTOP-HVM3NAK MINGW64 ~/Documents/GitHub/accentureDemoGitHub (feature)
$ git log statuis
fatal: ambiguous argument 'statuis': unknown revision or path not in the working tree.
Use '--' to separate paths from revisions, like this:
'git <command> [<revision>...] -- [<file>...]'

Administrator@DESKTOP-HVM3NAK MINGW64 ~/Documents/GitHub/accentureDemoGitHub (feature)
$ git log status
fatal: ambiguous argument 'status': unknown revision or path not in the working tree.
Use '--' to separate paths from revisions, like this:
'git <command> [<revision>...] -- [<file>...]'

Administrator@DESKTOP-HVM3NAK MINGW64 ~/Documents/GitHub/accentureDemoGitHub (feature)
$


Administrator@DESKTOP-HVM3NAK MINGW64 ~/Documents/GitHub/accentureDemoGitHub (feature)
$

Administrator@DESKTOP-HVM3NAK MINGW64 ~/Documents/GitHub/accentureDemoGitHub (feature)
$ git log status
fatal: ambiguous argument 'status': unknown revision or path not in the working tree.
Use '--' to separate paths from revisions, like this:
'git <command> [<revision>...] -- [<file>...]'

Administrator@DESKTOP-HVM3NAK MINGW64 ~/Documents/GitHub/accentureDemoGitHub (feature)
$

Administrator@DESKTOP-HVM3NAK MINGW64 ~/Documents/GitHub/accentureDemoGitHub (feature)
$

Administrator@DESKTOP-HVM3NAK MINGW64 ~/Documents/GitHub/accentureDemoGitHub (feature)
$ git log
commit c9551656de7ed67c30ef99d871b76d519e32f310 (HEAD -> feature, master)













Administrator@DESKTOP-HVM3NAK MINGW64 ~/Documents/GitHub/accentureDemoGitHub (master)
$ git checkout feature
Switched to branch 'feature'

Administrator@DESKTOP-HVM3NAK MINGW64 ~/Documents/GitHub/accentureDemoGitHub (feature)
$ git checkout master
Switched to branch 'master'
Your branch is ahead of 'origin/master' by 1 commit.
  (use "git push" to publish your local commits)

Administrator@DESKTOP-HVM3NAK MINGW64 ~/Documents/GitHub/accentureDemoGitHub (master)
$ ^C

Administrator@DESKTOP-HVM3NAK MINGW64 ~/Documents/GitHub/accentureDemoGitHub (master)












Administrator@DESKTOP-HVM3NAK MINGW64 ~/Documents/GitHub/accentureDemoGitHub (master)
$ git rebase feature
Current branch master is up to date.

Administrator@DESKTOP-HVM3NAK MINGW64 ~/Documents/GitHub/accentureDemoGitHub (master)
$

Administrator@DESKTOP-HVM3NAK MINGW64 ~/Documents/GitHub/accentureDemoGitHub (master)
$ git checkout feature
Switched to branch 'feature'

Administrator@DESKTOP-HVM3NAK MINGW64 ~/Documents/GitHub/accentureDemoGitHub (feature)
$ echo 'f4 create' > f4.txt

Administrator@DESKTOP-HVM3NAK MINGW64 ~/Documents/GitHub/accentureDemoGitHub (feature)
$ add f4.txt
bash: add: command not found

Administrator@DESKTOP-HVM3NAK MINGW64 ~/Documents/GitHub/accentureDemoGitHub (feature)
$ git add f4.txt
warning: LF will be replaced by CRLF in f4.txt.
The file will have its original line endings in your working directory.

Administrator@DESKTOP-HVM3NAK MINGW64 ~/Documents/GitHub/accentureDemoGitHub (feature)
$ git commit -m'f4 file add'
[feature 40b9019] f4 file add
 1 file changed, 1 insertion(+)
 create mode 100644 f4.txt

Administrator@DESKTOP-HVM3NAK MINGW64 ~/Documents/GitHub/accentureDemoGitHub (feature)
$ git checkout master
Switched to branch 'master'
Your branch is ahead of 'origin/master' by 1 commit.
  (use "git push" to publish your local commits)

Administrator@DESKTOP-HVM3NAK MINGW64 ~/Documents/GitHub/accentureDemoGitHub (master)
$ git rebase feature
First, rewinding head to replay your work on top of it...
Fast-forwarded master to feature.

Administrator@DESKTOP-HVM3NAK MINGW64 ~/Documents/GitHub/accentureDemoGitHub (master)
$

Administrator@DESKTOP-HVM3NAK MINGW64 ~/Documents/GitHub/accentureDemoGitHub (master)
$ git remote add origin https://github.com/ashishck23/accentureDemoGitHub.git
fatal: remote origin already exists.

Administrator@DESKTOP-HVM3NAK MINGW64 ~/Documents/GitHub/accentureDemoGitHub (master)
$ git push origin master
Everything up-to-date

Administrator@DESKTOP-HVM3NAK MINGW64 ~/Documents/GitHub/accentureDemoGitHub (master)
$
Administrator@DESKTOP-HVM3NAK MINGW64 ~/Documents/GitHub/accentureDemoGitHub (master)
$ git commit
On branch master
Your branch is ahead of 'origin/master' by 1 commit.
  (use "git push" to publish your local commits)

nothing to commit, working tree clean

Administrator@DESKTOP-HVM3NAK MINGW64 ~/Documents/GitHub/accentureDemoGitHub (master)









Administrator@DESKTOP-HVM3NAK MINGW64 ~/Documents/GitHub/accentureDemoGitHub (master)
$ echo 'adding line loacly' > f2.txt

Administrator@DESKTOP-HVM3NAK MINGW64 ~/Documents/GitHub/accentureDemoGitHub (master)
$ git staus
git: 'staus' is not a git command. See 'git --help'.

The most similar command is
        status

Administrator@DESKTOP-HVM3NAK MINGW64 ~/Documents/GitHub/accentureDemoGitHub (master)
$ git add f2.txt
warning: LF will be replaced by CRLF in f2.txt.
The file will have its original line endings in your working directory.

Administrator@DESKTOP-HVM3NAK MINGW64 ~/Documents/GitHub/accentureDemoGitHub (master)
$ git commit -m'f2 locat change'
[master bbdce10] f2 locat change
 1 file changed, 1 insertion(+), 1 deletion(-)

Administrator@DESKTOP-HVM3NAK MINGW64 ~/Documents/GitHub/accentureDemoGitHub (master)
$

Administrator@DESKTOP-HVM3NAK MINGW64 ~/Documents/GitHub/accentureDemoGitHub (master)
$ git push origin master
To https://github.com/ashishck23/accentureDemoGitHub.git
 ! [rejected]        master -> master (fetch first)
error: failed to push some refs to 'https://github.com/ashishck23/accentureDemoGitHub.git'
hint: Updates were rejected because the remote contains work that you do
hint: not have locally. This is usually caused by another repository pushing
hint: to the same ref. You may want to first integrate the remote changes
hint: (e.g., 'git pull ...') before pushing again.
hint: See the 'Note about fast-forwards' in 'git push --help' for details.

Administrator@DESKTOP-HVM3NAK MINGW64 ~/Documents/GitHub/accentureDemoGitHub (master)
$
Merge branch 'master' of https://github.com/ashishck23/accentureDemoGitHub

# Please enter a commit message to explain why this merge is necessary,
# especially if it merges an updated upstream into a topic branch.
#
# Lines starting with '#' will be ignored, and an empty message aborts
# the commit.

C:/Users/Administrator/Documents/GitHub/accentureDemoGitHub/.git/MERGE_MSG [unix] (17:34 06/08/2018)                                                                                     1,1 All
"C:/Users/Administrator/Documents/GitHub/accentureDemoGitHub/.git/MERGE_MSG" [unix] 7L, 302C



Administrator@DESKTOP-HVM3NAK MINGW64 ~/Documents/GitHub/accentureDemoGitHub (master)
$ git pull origin master
remote: Counting objects: 3, done.
remote: Compressing objects: 100% (2/2), done.
remote: Total 3 (delta 1), reused 0 (delta 0), pack-reused 0
Unpacking objects: 100% (3/3), done.
From https://github.com/ashishck23/accentureDemoGitHub
 * branch            master     -> FETCH_HEAD
   8aeedd4..1679e5c  master     -> origin/master
Merge made by the 'recursive' strategy.
 f4.txt | 1 +
 1 file changed, 1 insertion(+)

Administrator@DESKTOP-HVM3NAK MINGW64 ~/Documents/GitHub/accentureDemoGitHub (master)
$

Administrator@DESKTOP-HVM3NAK MINGW64 ~/Documents/GitHub/accentureDemoGitHub (master)
$ git add gitExamples.txt

Administrator@DESKTOP-HVM3NAK MINGW64 ~/Documents/GitHub/accentureDemoGitHub (master)
$ git commit
Aborting commit due to empty commit message.

Administrator@DESKTOP-HVM3NAK MINGW64 ~/Documents/GitHub/accentureDemoGitHub (master)
$ git push origin master
Enumerating objects: 14, done.
Counting objects: 100% (12/12), done.
Delta compression using up to 2 threads.
Compressing objects: 100% (7/7), done.
Writing objects: 100% (8/8), 954 bytes | 477.00 KiB/s, done.
Total 8 (delta 4), reused 0 (delta 0)
remote: Resolving deltas: 100% (4/4), completed with 2 local objects.
To https://github.com/ashishck23/accentureDemoGitHub.git
   1679e5c..5093026  master -> master

Administrator@DESKTOP-HVM3NAK MINGW64 ~/Documents/GitHub/accentureDemoGitHub (master)
$





--------------- CLI Git Push
Administrator@DESKTOP-HVM3NAK MINGW64 ~ (master)
$ pwd
/c/Users/Administrator

Administrator@DESKTOP-HVM3NAK MINGW64 ~ (master)
$ cd C:\Users\Administrator\Documents\GitHub\pagination
bash: cd: C:UsersAdministratorDocumentsGitHubpagination: No such file or directory

Administrator@DESKTOP-HVM3NAK MINGW64 ~ (master)
$ cd Do
Documents/ Downloads/

Administrator@DESKTOP-HVM3NAK MINGW64 ~ (master)
$ cd Documents/GitHub/pagination/

Administrator@DESKTOP-HVM3NAK MINGW64 ~/Documents/GitHub/pagination (master)
$ git init
Reinitialized existing Git repository in C:/Users/Administrator/Documents/GitHub/pagination/.git/

Administrator@DESKTOP-HVM3NAK MINGW64 ~/Documents/GitHub/pagination (master)
$ git init
Initialized empty Git repository in C:/Users/Administrator/Documents/GitHub/pagination/.git/

Administrator@DESKTOP-HVM3NAK MINGW64 ~/Documents/GitHub/pagination (master)
$ git status
On branch master

No commits yet

Untracked files:
  (use "git add <file>..." to include in what will be committed)

        nb-configuration.xml
        nbactions.xml
        pom.xml
        src/

nothing added to commit but untracked files present (use "git add" to track)

Administrator@DESKTOP-HVM3NAK MINGW64 ~/Documents/GitHub/pagination (master)
$

Administrator@DESKTOP-HVM3NAK MINGW64 ~/Documents/GitHub/pagination (master)
$ vi .gitignore

Administrator@DESKTOP-HVM3NAK MINGW64 ~/Documents/GitHub/pagination (master)
$

Administrator@DESKTOP-HVM3NAK MINGW64 ~/Documents/GitHub/pagination (master)
$ git status
On branch master

No commits yet

Untracked files:
  (use "git add <file>..." to include in what will be committed)

        .gitignore
        nb-configuration.xml
        nbactions.xml
        pom.xml
        src/

nothing added to commit but untracked files present (use "git add" to track)

Administrator@DESKTOP-HVM3NAK MINGW64 ~/Documents/GitHub/pagination (master)
$ git add .
warning: LF will be replaced by CRLF in .gitignore.
The file will have its original line endings in your working directory.

Administrator@DESKTOP-HVM3NAK MINGW64 ~/Documents/GitHub/pagination (master)
$ git commit -m'pagination'
[master (root-commit) f261fc4] pagination
 8 files changed, 237 insertions(+)
 create mode 100644 .gitignore
 create mode 100644 nb-configuration.xml
 create mode 100644 nbactions.xml
 create mode 100644 pom.xml
 create mode 100644 src/main/java/com/cruds/pagination/FXMLController.java
 create mode 100644 src/main/java/com/cruds/pagination/MainApp.java
 create mode 100644 src/main/resources/fxml/Scene.fxml
 create mode 100644 src/main/resources/styles/Styles.css

Administrator@DESKTOP-HVM3NAK MINGW64 ~/Documents/GitHub/pagination (master)
$ git remote add origin https://github.com/ashishck23/pagination.git





------------------ ngork
ngrok by @inconshreveable                                                                               (Ctrl+C to quit)
https://gist.github.com/kevinburke/8552481

https://github.com/inconshreveable/ngrok/tree/master/src/ngrok

ngrok http 8080

Session Status                online
Session Expires               7 hours, 36 minutes
Version                       2.2.8
Region                        United States (us)
Web Interface                 http://127.0.0.1:4040
Forwarding                    http://8fb181bf.ngrok.io -> localhost:8080
Forwarding                    https://8fb181bf.ngrok.io -> localhost:8080

Connections                   ttl     opn     rt1     rt5     p50     p90
                              8       0       0.00    0.00    8.30    10.34

HTTP Requests
-------------

POST /github-webhook/                                             200 OK
POST /github-webhook/                                             200 OK
GET  /static/f393a0fd/images/top-sticker-bottom-edge.png          200 OK
GET  /static/f393a0fd/favicon.ico                                 200 OK
GET  /adjuncts/f393a0fd/lib/layout/menu_right_arrow2.png          200 OK
GET  /adjuncts/f393a0fd/lib/layout/menu_down_arrow.png            200 OK
GET  /static/f393a0fd/images/16x16/search.png                     200 OK
GET  /static/f393a0fd/assets/jquery-detached/jsmodules/jquery2.js 200 OK
GET  /static/f393a0fd/images/16x16/help.png                       200 OK
GET  /adjuncts/f393a0fd/lib/layout/breadcrumbs.js                 200 OK



Agent win10_local_slave_agent (win10_local_slave_agent)
Connect agent to Jenkins one of these ways:

launch agent Launch agent from browser

Run from agent command line:

java -jar agent.jar -jnlpUrl http://localhost:8080/computer/win10_local_slave_agent/slave-agent.jnlp -secret 41ea8ae0050591d49e1f2b867728adea24ddd7d2d40247fff4bd8d8dfc7dc0eb -workDir "C:\Users\Administrator\Documents\local_slave_agent"
Projects tied to win10_local_slave_agent

Microsoft Windows [Version 10.0.16299.98]
(c) 2017 Microsoft Corporation. All rights reserved.

C:\Users\Administrator>cd C:\Users\Administrator\Documents\GitHub\jenkinsDemoRepo

C:\Users\Administrator\Documents\GitHub\jenkinsDemoRepo>java -jar agent.jar -jnlpUrl http://localhost:8080/computer/win10_local_slave_agent/slave-agent.jnlp -secret 41ea8ae0050591d49e1f2b867728adea24ddd7d2d40247fff4bd8d8dfc7dc0eb -workDir "C:\Users\Administrator\Documents\local_slave_agent"
Aug 07, 2018 12:03:30 PM org.jenkinsci.remoting.engine.WorkDirManager initializeWorkDir
INFO: Using C:\Users\Administrator\Documents\local_slave_agent\remoting as a remoting work directory
Both error and output logs will be printed to C:\Users\Administrator\Documents\local_slave_agent\remoting
Aug 07, 2018 12:03:31 PM hudson.remoting.jnlp.Main createEngine
INFO: Setting up agent: win10_local_slave_agent
Aug 07, 2018 12:03:31 PM hudson.remoting.jnlp.Main$CuiListener <init>
INFO: Jenkins agent is running in headless mode.
Aug 07, 2018 12:03:31 PM hudson.remoting.Engine startEngine
INFO: Using Remoting version: 3.21
Aug 07, 2018 12:03:31 PM org.jenkinsci.remoting.engine.WorkDirManager initializeWorkDir
INFO: Using C:\Users\Administrator\Documents\local_slave_agent\remoting as a remoting work directory
Aug 07, 2018 12:03:31 PM hudson.remoting.jnlp.Main$CuiListener status
INFO: Locating server among [http://localhost:8080/]
Aug 07, 2018 12:03:31 PM org.jenkinsci.remoting.engine.JnlpAgentEndpointResolver resolve
INFO: Remoting server accepts the following protocols: [JNLP4-connect, CLI2-connect, Ping, CLI-connect]
Aug 07, 2018 12:03:31 PM hudson.remoting.jnlp.Main$CuiListener status
INFO: Agent discovery successful
  Agent address: localhost
  Agent port:    62242
  Identity:      20:07:74:5d:79:d0:b0:fc:4f:b4:8c:7d:74:27:b2:a7
Aug 07, 2018 12:03:31 PM hudson.remoting.jnlp.Main$CuiListener status
INFO: Handshaking
Aug 07, 2018 12:03:31 PM hudson.remoting.jnlp.Main$CuiListener status
INFO: Connecting to localhost:62242
Aug 07, 2018 12:03:31 PM hudson.remoting.jnlp.Main$CuiListener status
INFO: Trying protocol: JNLP4-connect
Aug 07, 2018 12:03:32 PM hudson.remoting.jnlp.Main$CuiListener status
INFO: Remote identity confirmed: 20:07:74:5d:79:d0:b0:fc:4f:b4:8c:7d:74:27:b2:a7
Aug 07, 2018 12:03:33 PM hudson.remoting.jnlp.Main$CuiListener status
INFO: Connected

C:\Users\Administrator\Documents\GitHub\jenkinsDemoRepo>Projects tied to win10_local_slave_agent
'Projects' is not recognized as an internal or external command,
operable program or batch file.

C:\Users\Administrator\Documents\GitHub\jenkinsDemoRepo>
C:\Users\Administrator\Documents\GitHub\jenkinsDemoRepo>
C:\Users\Administrator\Documents\GitHub\jenkinsDemoRepo>java -jar agent.jar -jnlpUrl http://localhost:8080/computer/win10_local_slave_agent/slave-agent.jnlp -secret 41ea8ae0050591d49e1f2b867728adea24ddd7d2d40247fff4bd8d8dfc7dc0eb -workDir "C:\Users\Administrator\Documents\local_slave_agent"
Aug 07, 2018 12:04:08 PM org.jenkinsci.remoting.engine.WorkDirManager initializeWorkDir
INFO: Using C:\Users\Administrator\Documents\local_slave_agent\remoting as a remoting work directory
Both error and output logs will be printed to C:\Users\Administrator\Documents\local_slave_agent\remoting
Aug 07, 2018 12:04:08 PM hudson.remoting.jnlp.Main createEngine
INFO: Setting up agent: win10_local_slave_agent
Aug 07, 2018 12:04:08 PM hudson.remoting.jnlp.Main$CuiListener <init>
INFO: Jenkins agent is running in headless mode.
Aug 07, 2018 12:04:08 PM hudson.remoting.Engine startEngine
INFO: Using Remoting version: 3.21
Aug 07, 2018 12:04:08 PM org.jenkinsci.remoting.engine.WorkDirManager initializeWorkDir
INFO: Using C:\Users\Administrator\Documents\local_slave_agent\remoting as a remoting work directory
Aug 07, 2018 12:04:08 PM hudson.remoting.jnlp.Main$CuiListener status
INFO: Locating server among [http://localhost:8080/]
Aug 07, 2018 12:04:08 PM org.jenkinsci.remoting.engine.JnlpAgentEndpointResolver resolve
INFO: Remoting server accepts the following protocols: [JNLP4-connect, CLI2-connect, Ping, CLI-connect]
Aug 07, 2018 12:04:08 PM hudson.remoting.jnlp.Main$CuiListener status
INFO: Agent discovery successful
  Agent address: localhost
  Agent port:    62242
  Identity:      20:07:74:5d:79:d0:b0:fc:4f:b4:8c:7d:74:27:b2:a7
Aug 07, 2018 12:04:08 PM hudson.remoting.jnlp.Main$CuiListener status
INFO: Handshaking
Aug 07, 2018 12:04:08 PM hudson.remoting.jnlp.Main$CuiListener status
INFO: Connecting to localhost:62242
Aug 07, 2018 12:04:08 PM hudson.remoting.jnlp.Main$CuiListener status
INFO: Trying protocol: JNLP4-connect
Aug 07, 2018 12:04:09 PM hudson.remoting.jnlp.Main$CuiListener status
INFO: Remote identity confirmed: 20:07:74:5d:79:d0:b0:fc:4f:b4:8c:7d:74:27:b2:a7
Aug 07, 2018 12:04:10 PM hudson.remoting.jnlp.Main$CuiListener status
INFO: Connected

C:\Users\Administrator\Documents\GitHub\jenkinsDemoRepo>
C:\Users\Administrator\Documents\GitHub\jenkinsDemoRepo>
C:\Users\Administrator\Documents\GitHub\jenkinsDemoRepo>
C:\Users\Administrator\Documents\GitHub\jenkinsDemoRepo>java -jar agent.jar -jnlpUrl http://localhost:8080/computer/win10_local_slave_agent/slave-agent.jnlp -secret 41ea8ae0050591d49e1f2b867728adea24ddd7d2d40247fff4bd8d8dfc7dc0eb -workDir "C:\Users\Administrator\Documents\local_slave_agent"



apache maven 
 MAVEN_HOME=apache maven install dir\bin
 M2_HOME